// Jest Snapshot v1, https://goo.gl/fbAQLP

exports[`Login should match the snapshot 1`] = `
ShallowWrapper {
  "length": 1,
  Symbol(enzyme.__root__): [Circular],
  Symbol(enzyme.__unrendered__): <Login
    addAllFavorites={[Function]}
    handleSubmit={[Function]}
    history={
        Object {
            "push": [Function],
          }
    }
/>,
  Symbol(enzyme.__renderer__): Object {
    "batchedUpdates": [Function],
    "getNode": [Function],
    "render": [Function],
    "simulateEvent": [Function],
    "unmount": [Function],
  },
  Symbol(enzyme.__node__): Object {
    "instance": null,
    "key": undefined,
    "nodeType": "host",
    "props": Object {
      "children": Array [
        <form
          onSubmit={[Function]}
>
          <input
                    id="email"
                    onChange={[Function]}
                    placeholder="Email"
                    type="text"
                    value=""
          />
          <input
                    id="password"
                    onChange={[Function]}
                    placeholder="Password"
                    type="password"
                    value=""
          />
          <button
                    className="submit"
          >
                    Submit
          </button>
</form>,
        false,
      ],
    },
    "ref": null,
    "rendered": Array [
      Object {
        "instance": null,
        "key": undefined,
        "nodeType": "host",
        "props": Object {
          "children": Array [
            <input
              id="email"
              onChange={[Function]}
              placeholder="Email"
              type="text"
              value=""
/>,
            <input
              id="password"
              onChange={[Function]}
              placeholder="Password"
              type="password"
              value=""
/>,
            <button
              className="submit"
>
              Submit
</button>,
          ],
          "onSubmit": [Function],
        },
        "ref": null,
        "rendered": Array [
          Object {
            "instance": null,
            "key": undefined,
            "nodeType": "host",
            "props": Object {
              "id": "email",
              "onChange": [Function],
              "placeholder": "Email",
              "type": "text",
              "value": "",
            },
            "ref": null,
            "rendered": null,
            "type": "input",
          },
          Object {
            "instance": null,
            "key": undefined,
            "nodeType": "host",
            "props": Object {
              "id": "password",
              "onChange": [Function],
              "placeholder": "Password",
              "type": "password",
              "value": "",
            },
            "ref": null,
            "rendered": null,
            "type": "input",
          },
          Object {
            "instance": null,
            "key": undefined,
            "nodeType": "host",
            "props": Object {
              "children": "Submit",
              "className": "submit",
            },
            "ref": null,
            "rendered": "Submit",
            "type": "button",
          },
        ],
        "type": "form",
      },
      false,
    ],
    "type": "div",
  },
  Symbol(enzyme.__nodes__): Array [
    Object {
      "instance": null,
      "key": undefined,
      "nodeType": "host",
      "props": Object {
        "children": Array [
          <form
            onSubmit={[Function]}
>
            <input
                        id="email"
                        onChange={[Function]}
                        placeholder="Email"
                        type="text"
                        value=""
            />
            <input
                        id="password"
                        onChange={[Function]}
                        placeholder="Password"
                        type="password"
                        value=""
            />
            <button
                        className="submit"
            >
                        Submit
            </button>
</form>,
          false,
        ],
      },
      "ref": null,
      "rendered": Array [
        Object {
          "instance": null,
          "key": undefined,
          "nodeType": "host",
          "props": Object {
            "children": Array [
              <input
                id="email"
                onChange={[Function]}
                placeholder="Email"
                type="text"
                value=""
/>,
              <input
                id="password"
                onChange={[Function]}
                placeholder="Password"
                type="password"
                value=""
/>,
              <button
                className="submit"
>
                Submit
</button>,
            ],
            "onSubmit": [Function],
          },
          "ref": null,
          "rendered": Array [
            Object {
              "instance": null,
              "key": undefined,
              "nodeType": "host",
              "props": Object {
                "id": "email",
                "onChange": [Function],
                "placeholder": "Email",
                "type": "text",
                "value": "",
              },
              "ref": null,
              "rendered": null,
              "type": "input",
            },
            Object {
              "instance": null,
              "key": undefined,
              "nodeType": "host",
              "props": Object {
                "id": "password",
                "onChange": [Function],
                "placeholder": "Password",
                "type": "password",
                "value": "",
              },
              "ref": null,
              "rendered": null,
              "type": "input",
            },
            Object {
              "instance": null,
              "key": undefined,
              "nodeType": "host",
              "props": Object {
                "children": "Submit",
                "className": "submit",
              },
              "ref": null,
              "rendered": "Submit",
              "type": "button",
            },
          ],
          "type": "form",
        },
        false,
      ],
      "type": "div",
    },
  ],
  Symbol(enzyme.__options__): Object {
    "adapter": ReactSixteenAdapter {
      "options": Object {
        "enableComponentDidUpdateOnSetState": true,
      },
    },
  },
}
`;
